[wp.w3layouts.com/dogscare/index.html]
[backblue.gif]
[fade.gif]
[index.html]
[wp.w3layouts.com/dogscare/wp-content/themes/dogscare/assets/css/style-liberty.css]
[wp.w3layouts.com/dogscare/wp-includes/css/dist/block-library/style.min1eb7.css]
[wp.w3layouts.com/dogscare/comments/feed/index.html]
[wp.w3layouts.com/dogscare/wp-content/themes/dogscare/style8a54.css]
[wp.w3layouts.com/dogscare/feed/index.html]
[wp.w3layouts.com/dogscare/wp-content/plugins/tlp-food-menu/assets/css/foodmenu.mincce7.css]
[wp.w3layouts.com/dogscare/wp-content/plugins/recent-posts-widget-with-thumbnails/public03db.css]
[wp.w3layouts.com/dogscare/wp-json/wp/v2/pages/8.json]
[wp.w3layouts.com/dogscare/wp-json/index.html]
[wp.w3layouts.com/dogscare/wp-includes/wlwmanifest.xml]
[wp.w3layouts.com/dogscare/wp-json/oembed/1.0/embedd6ec.json]
[wp.w3layouts.com/dogscare/wp-json/oembed/1.0/embed0654]
[wp.w3layouts.com/dogscare/about-page/index.html]
[wp.w3layouts.com/dogscare/services-page/index.html]
[wp.w3layouts.com/dogscare/wp-content/themes/dogscare/assets/images/banner1.jpg]
[wp.w3layouts.com/dogscare/single-landing-page/index.html]
[wp.w3layouts.com/dogscare/blog-posts/index.html]
[wp.w3layouts.com/dogscare/contact-page/index.html]
[wp.w3layouts.com/dogscare/wp-content/themes/dogscare/assets/images/about.jpg]
[wp.w3layouts.com/dogscare/wp-content/themes/dogscare/assets/images/img1.jpg]
[wp.w3layouts.com/dogscare/wp-content/themes/dogscare/assets/images/img2.jpg]
[wp.w3layouts.com/dogscare/wp-content/themes/dogscare/assets/images/img3.jpg]
[wp.w3layouts.com/dogscare/wp-content/themes/dogscare/assets/images/testi1.jpg]
[wp.w3layouts.com/dogscare/wp-content/themes/dogscare/assets/images/testi2.jpg]
[wp.w3layouts.com/dogscare/wp-content/themes/dogscare/assets/images/g11.jpg]
[wp.w3layouts.com/dogscare/wp-content/themes/dogscare/assets/images/g1.jpg]
[wp.w3layouts.com/dogscare/wp-content/themes/dogscare/assets/images/g88.jpg]
[wp.w3layouts.com/dogscare/wp-content/themes/dogscare/assets/images/g8.jpg]
[wp.w3layouts.com/dogscare/wp-content/themes/dogscare/assets/images/g66.jpg]
[wp.w3layouts.com/dogscare/wp-content/themes/dogscare/assets/images/g6.jpg]
[wp.w3layouts.com/dogscare/wp-content/themes/dogscare/assets/images/g22.jpg]
[wp.w3layouts.com/dogscare/wp-content/themes/dogscare/assets/images/g2.jpg]
[wp.w3layouts.com/dogscare/wp-content/themes/dogscare/assets/images/g33.jpg]
[wp.w3layouts.com/dogscare/wp-content/themes/dogscare/assets/images/g3.jpg]
[wp.w3layouts.com/dogscare/wp-content/themes/dogscare/assets/images/g9.jpg]
[wp.w3layouts.com/dogscare/wp-content/themes/dogscare/assets/images/g44.jpg]
[wp.w3layouts.com/dogscare/wp-content/themes/dogscare/assets/images/g4.jpg]
[wp.w3layouts.com/dogscare/wp-content/themes/dogscare/assets/images/g77.jpg]
[wp.w3layouts.com/dogscare/wp-content/themes/dogscare/assets/images/g7.jpg]
[wp.w3layouts.com/dogscare/wp-content/themes/dogscare/assets/images/g55.jpg]
[wp.w3layouts.com/dogscare/wp-content/themes/dogscare/assets/images/g5.jpg]
[wp.w3layouts.com/dogscare/wp-content/themes/dogscare/assets/images/dog2.png]
[wp.w3layouts.com/dogscare/wp-content/themes/dogscare/assets/images/bg.jpg]
[wp.w3layouts.com/dogscare/wp-content/uploads/sites/49/2021/05/blog3.jpg]
[wp.w3layouts.com/dogscare/2021/05/05/hello-world/index.html]
[wp.w3layouts.com/dogscare/wp-content/uploads/sites/49/2021/05/blog1.jpg]
[wp.w3layouts.com/dogscare/2021/05/05/how-to-keep-your-dog-cool-this-summer-2/index.html]
[wp.w3layouts.com/dogscare/wp-content/themes/dogscare/assets/js/jquery-3.3.1.min.js]
[wp.w3layouts.com/dogscare/2021/05/05/solution-for-grooming-behavior-problems-2/index.html]
[wp.w3layouts.com/dogscare/category/dog/index.html]
[wp.w3layouts.com/dogscare/category/dog-care/index.html]
[wp.w3layouts.com/dogscare/category/pets/index.html]
[wp.w3layouts.com/dogscare/wp-content/themes/dogscare/assets/js/jquery-2.2.4.min.js]
[wp.w3layouts.com/dogscare/category/uncategorized/index.html]
[wp.w3layouts.com/dogscare/2021/05/index.html]
[wp.w3layouts.com/dogscare/wp-content/themes/dogscare/assets/js/demobar-script.js]
[wp.w3layouts.com/dogscare/wp-content/themes/dogscare/assets/js/smartphoto.js]
[wp.w3layouts.com/dogscare/2021/04/index.html]
[wp.w3layouts.com/dogscare/wp-content/themes/dogscare/assets/js/theme-change.js]
[wp.w3layouts.com/dogscare/wp-content/themes/dogscare/assets/js/bootstrap.min.js]
[wp.w3layouts.com/dogscare/wp-content/themes/dogscare/js/navigation8a54.js]
[wp.w3layouts.com/dogscare/index.html]
[wp.w3layouts.com/dogscare/wp-content/themes/dogscare/assets/fonts/fontawesome-webfont3e6e.eot]
[wp.w3layouts.com/dogscare/wp-content/themes/dogscare/assets/fonts/fontawesome-webfont3e6e.woff2]
[wp.w3layouts.com/dogscare/wp-content/themes/dogscare/assets/fonts/fontawesome-webfontd41d.eot]
[wp.w3layouts.com/dogscare/wp-content/themes/dogscare/assets/fonts/fontawesome-webfont3e6e.woff]
[wp.w3layouts.com/dogscare/wp-content/themes/dogscare/assets/fonts/fontawesome-webfont3e6e.ttf]
[wp.w3layouts.com/dogscare/wp-content/themes/dogscare/assets/css/style-liberty.css]
[wp.w3layouts.com/dogscare/wp-includes/css/dist/block-library/style.min1eb7.css]
[wp.w3layouts.com/dogscare/wp-content/themes/dogscare/style8a54.css]
[wp.w3layouts.com/dogscare/wp-content/plugins/tlp-food-menu/assets/css/foodmenu.mincce7.css]
[wp.w3layouts.com/dogscare/wp-content/plugins/recent-posts-widget-with-thumbnails/public03db.css]
[wp.w3layouts.com/dogscare/wp-content/themes/dogscare/assets/fonts/fontawesome-webfont3e6e.svg]
[wp.w3layouts.com/dogscare/wp-json/wp/v2/pages/11.json]
[wp.w3layouts.com/dogscare/wp-json/oembed/1.0/embed2439.json]
[wp.w3layouts.com/dogscare/wp-json/oembed/1.0/embed5de0]
[wp.w3layouts.com/dogscare/wp-content/themes/dogscare/assets/images/inner.jpg]
[wp.w3layouts.com/dogscare/wp-content/themes/dogscare/assets/images/about2.jpg]
[wp.w3layouts.com/dogscare/wp-content/themes/dogscare/assets/images/team1.jpg]
[wp.w3layouts.com/dogscare/wp-content/themes/dogscare/assets/images/team2.jpg]
[wp.w3layouts.com/dogscare/wp-content/themes/dogscare/assets/images/team3.jpg]
[wp.w3layouts.com/dogscare/wp-content/themes/dogscare/assets/images/team4.jpg]
[wp.w3layouts.com/dogscare/about-page/index.html]
[wp.w3layouts.com/dogscare/wp-json/wp/v2/pages/17.json]
[wp.w3layouts.com/dogscare/wp-json/oembed/1.0/embed5f90.json]
[wp.w3layouts.com/dogscare/wp-json/oembed/1.0/embedb4d1]
[wp.w3layouts.com/dogscare/services-page/index.html]
[wp.w3layouts.com/dogscare/wp-content/uploads/sites/49/2021/05/img1.jpg]
[wp.w3layouts.com/dogscare/2021/05/05/heat-stress-in-the-grooming-saloon-2/index.html]
[wp.w3layouts.com/dogscare/wp-content/uploads/sites/49/2021/05/img3.jpg]
[wp.w3layouts.com/dogscare/blog-posts/index.html]
[wp.w3layouts.com/dogscare/2021/05/05/how-to-keep-your-dog-cool-this-summer/index.html]
[wp.w3layouts.com/dogscare/blog-posts/page/2/index.html]
[wp.w3layouts.com/dogscare/404-page/index.html]
[wp.w3layouts.com/dogscare/2021/05/05/solution-for-grooming-behavior-problems/index.html]
[wp.w3layouts.com/dogscare/wp-json/wp/v2/pages/34.json]
[wp.w3layouts.com/dogscare/wp-json/oembed/1.0/embed22cc.json]
[wp.w3layouts.com/dogscare/wp-json/oembed/1.0/embedaeb6]
[wp.w3layouts.com/dogscare/single-landing-page/index.html]
[wp.w3layouts.com/dogscare/wp-json/wp/v2/pages/30.json]
[wp.w3layouts.com/dogscare/wp-json/oembed/1.0/embedbec1.json]
[wp.w3layouts.com/dogscare/wp-json/oembed/1.0/embed402c]
[wp.w3layouts.com/dogscare/contact-page/index.html]
[wp.w3layouts.com/dogscare/wp-json/wp/v2/posts/1.json]
[wp.w3layouts.com/dogscare/2021/05/05/hello-world/feed/index.html]
[wp.w3layouts.com/dogscare/wp-json/oembed/1.0/embed60e6.json]
[wp.w3layouts.com/dogscare/wp-json/oembed/1.0/embed4db7]
[wp.w3layouts.com/dogscare/wp-includes/js/comment-reply.min1eb7.js]
[wp.w3layouts.com/dogscare/2021/05/05/hello-world/index.html]
[wp.w3layouts.com/dogscare/wp-json/wp/v2/posts/48.json]
[wp.w3layouts.com/dogscare/author/w3layouts/index.html]
[wp.w3layouts.com/dogscare/wp-json/oembed/1.0/embed1247.json]
[wp.w3layouts.com/dogscare/2021/05/05/how-to-keep-your-dog-cool-this-summer-2/feed/index.html]
[wp.w3layouts.com/dogscare/wp-json/oembed/1.0/embed8709]
[wp.w3layouts.com/dogscare/2021/05/05/how-to-keep-your-dog-cool-this-summer-2/index.html]
[wp.w3layouts.com/dogscare/wp-content/uploads/sites/49/2021/05/blog2.jpg]
[wp.w3layouts.com/dogscare/wp-json/wp/v2/posts/46.json]
[wp.w3layouts.com/dogscare/2021/05/05/solution-for-grooming-behavior-problems-2/feed/index.html]
[wp.w3layouts.com/dogscare/wp-json/oembed/1.0/embedd1d9.json]
[wp.w3layouts.com/dogscare/wp-json/oembed/1.0/embedcc64]
[wp.w3layouts.com/dogscare/2021/05/05/solution-for-grooming-behavior-problems-2/index.html]
[wp.w3layouts.com/dogscare/category/dog/index.html]
[wp.w3layouts.com/dogscare/wp-json/wp/v2/categories/2.json]
[wp.w3layouts.com/dogscare/category/dog/feed/index.html]
[wp.w3layouts.com/dogscare/category/dog-care/index.html]
[wp.w3layouts.com/dogscare/wp-json/wp/v2/categories/3.json]
[wp.w3layouts.com/dogscare/2021/05/05/heat-stress-in-the-grooming-saloon/index.html]
[wp.w3layouts.com/dogscare/category/dog-care/feed/index.html]
[wp.w3layouts.com/dogscare/category/pets/index.html]
[wp.w3layouts.com/dogscare/category/pets/feed/index.html]
[wp.w3layouts.com/dogscare/category/uncategorized/index.html]
[wp.w3layouts.com/dogscare/wp-json/wp/v2/categories/1.json]
[wp.w3layouts.com/dogscare/wp-json/wp/v2/categories/4.json]
[wp.w3layouts.com/dogscare/2021/05/index.html]
[wp.w3layouts.com/dogscare/2021/04/index.html]
[wp.w3layouts.com/dogscare/wp-content/themes/dogscare/assets/fonts/fontawesome-webfont3e6e.svg]
[wp.w3layouts.com/dogscare/2021/04/29/hello-world-2/index.html]
[wp.w3layouts.com/dogscare/index5757.html]
[wp.w3layouts.com/dogscare/indexd8eb.html]
[wp.w3layouts.com/dogscare/2021/05/page/2/index.html]
[wp.w3layouts.com/dogscare/category/uncategorized/feed/index.html]
[wp.w3layouts.com/dogscare/wp-json/wp/v2/posts/44.json]
[wp.w3layouts.com/dogscare/2021/05/05/heat-stress-in-the-grooming-saloon-2/feed/index.html]
[wp.w3layouts.com/dogscare/wp-json/oembed/1.0/embed4a79.json]
[wp.w3layouts.com/dogscare/wp-json/oembed/1.0/embed766d]
[wp.w3layouts.com/dogscare/2021/05/05/heat-stress-in-the-grooming-saloon-2/index.html]
[wp.w3layouts.com/dogscare/wp-json/wp/v2/posts/42.json]
[wp.w3layouts.com/dogscare/2021/05/05/how-to-keep-your-dog-cool-this-summer/feed/index.html]
[wp.w3layouts.com/dogscare/wp-json/oembed/1.0/embedfc2a.json]
[wp.w3layouts.com/dogscare/wp-json/oembed/1.0/embed7fa2]
[wp.w3layouts.com/dogscare/2021/05/05/how-to-keep-your-dog-cool-this-summer/index.html]
[wp.w3layouts.com/dogscare/wp-content/uploads/sites/49/2021/05/img2.jpg]
[wp.w3layouts.com/dogscare/wp-json/wp/v2/posts/40.json]
[wp.w3layouts.com/dogscare/2021/05/05/solution-for-grooming-behavior-problems/feed/index.html]
[wp.w3layouts.com/dogscare/wp-json/oembed/1.0/embed6968.json]
[wp.w3layouts.com/dogscare/wp-json/oembed/1.0/embed5986]
[wp.w3layouts.com/dogscare/2021/05/05/solution-for-grooming-behavior-problems/index.html]
[wp.w3layouts.com/dogscare/blog-posts/page/2/index.html]
[wp.w3layouts.com/dogscare/wp-json/wp/v2/pages/21.json]
[wp.w3layouts.com/dogscare/wp-json/oembed/1.0/embed8b17.json]
[wp.w3layouts.com/dogscare/wp-json/oembed/1.0/embed8ec2]
[wp.w3layouts.com/dogscare/404-page/index.html]
[wp.w3layouts.com/dogscare/index1e7e.html]
[wp.w3layouts.com/dogscare/index5643.html]
[wp.w3layouts.com/dogscare/indexcff1.html]
[wp.w3layouts.com/dogscare/author/w3layouts/index.html]
[wp.w3layouts.com/dogscare/wp-json/wp/v2/users/2.json]
[wp.w3layouts.com/dogscare/index94b0.html]
[wp.w3layouts.com/dogscare/index7ea6.html]
[wp.w3layouts.com/dogscare/author/w3layouts/feed/index.html]
[wp.w3layouts.com/dogscare/2021/05/05/hello-world/index6809.html]
[wp.w3layouts.com/dogscare/author/w3layouts/page/2/index.html]
[wp.w3layouts.com/dogscare/wp-json/wp/v2/posts/38.json]
[wp.w3layouts.com/dogscare/2021/05/05/heat-stress-in-the-grooming-saloon/feed/index.html]
[wp.w3layouts.com/dogscare/wp-json/oembed/1.0/embedb401.json]
[wp.w3layouts.com/dogscare/wp-json/oembed/1.0/embedc47f]
[wp.w3layouts.com/dogscare/2021/05/05/heat-stress-in-the-grooming-saloon/index.html]
[wp.w3layouts.com/dogscare/wp-json/wp/v2/posts/5.json]
[wp.w3layouts.com/dogscare/2021/04/29/hello-world-2/feed/index.html]
[wp.w3layouts.com/dogscare/wp-json/oembed/1.0/embed0a73.json]
[wp.w3layouts.com/dogscare/wp-json/oembed/1.0/embedbc4f]
[wp.w3layouts.com/dogscare/2021/04/29/hello-world-2/index.html]
[wp.w3layouts.com/dogscare/2021/05/page/2/index.html]
[wp.w3layouts.com/dogscare/xmlrpc0db0.php]
[wp.w3layouts.com/dogscare/index49b1.html]
[wp.w3layouts.com/dogscare/indexfbd5.html]
[wp.w3layouts.com/dogscare/index3ba0.html]
[wp.w3layouts.com/dogscare/blog-posts/page/1/index.html]
[wp.w3layouts.com/dogscare/index3965.html]
[wp.w3layouts.com/dogscare/author/w3layouts/page/2/index.html]
[wp.w3layouts.com/dogscare/2021/05/05/hello-world/index6809.html]
[wp.w3layouts.com/dogscare/indexb93f.html]
[wp.w3layouts.com/dogscare/indexc471.html]
[wp.w3layouts.com/dogscare/2021/04/29/hello-world-2/index0e22.html]
[wp.w3layouts.com/dogscare/2021/04/29/hello-world-2/index0e22.html]
[wp.w3layouts.com/dogscare/2021/05/page/1/index.html]
[wp.w3layouts.com/dogscare/xmlrpc.php]
[wp.w3layouts.com/dogscare/author/w3layouts/page/1/index.html]
